C:\Users\ADMIN\AppData\Roaming\Python\Python314\site-packages\cvxpy\atoms\elementwise\log.py:50: RuntimeWarning: divide by zero encountered in log
  return np.log(values[0])
[expG] rep 1/20 (1s)
C:\Users\ADMIN\AppData\Roaming\Python\Python314\site-packages\cvxpy\atoms\elementwise\log.py:50: RuntimeWarning: divide by zero encountered in log
  return np.log(values[0])
[expG] rep 2/20 (3s)
C:\Users\ADMIN\AppData\Roaming\Python\Python314\site-packages\cvxpy\atoms\elementwise\log.py:50: RuntimeWarning: divide by zero encountered in log
  return np.log(values[0])
[expG] rep 3/20 (5s)
C:\Users\ADMIN\AppData\Roaming\Python\Python314\site-packages\cvxpy\atoms\elementwise\log.py:50: RuntimeWarning: divide by zero encountered in log
  return np.log(values[0])
[expG] rep 4/20 (6s)
C:\Users\ADMIN\AppData\Roaming\Python\Python314\site-packages\cvxpy\atoms\elementwise\log.py:50: RuntimeWarning: divide by zero encountered in log
  return np.log(values[0])
[expG] rep 5/20 (8s)
C:\Users\ADMIN\AppData\Roaming\Python\Python314\site-packages\cvxpy\atoms\elementwise\log.py:50: RuntimeWarning: divide by zero encountered in log
  return np.log(values[0])
[expG] rep 6/20 (10s)
C:\Users\ADMIN\AppData\Roaming\Python\Python314\site-packages\cvxpy\atoms\elementwise\log.py:50: RuntimeWarning: divide by zero encountered in log
  return np.log(values[0])
[expG] rep 7/20 (12s)
C:\Users\ADMIN\AppData\Roaming\Python\Python314\site-packages\cvxpy\atoms\elementwise\log.py:50: RuntimeWarning: divide by zero encountered in log
  return np.log(values[0])
[expG] rep 8/20 (13s)
C:\Users\ADMIN\AppData\Roaming\Python\Python314\site-packages\cvxpy\atoms\elementwise\log.py:50: RuntimeWarning: divide by zero encountered in log
  return np.log(values[0])
[expG] rep 9/20 (15s)
C:\Users\ADMIN\AppData\Roaming\Python\Python314\site-packages\cvxpy\atoms\elementwise\log.py:50: RuntimeWarning: divide by zero encountered in log
  return np.log(values[0])
[expG] rep 10/20 (17s)
C:\Users\ADMIN\AppData\Roaming\Python\Python314\site-packages\cvxpy\atoms\elementwise\log.py:50: RuntimeWarning: divide by zero encountered in log
  return np.log(values[0])
[expG] rep 11/20 (19s)
C:\Users\ADMIN\AppData\Roaming\Python\Python314\site-packages\cvxpy\atoms\elementwise\log.py:50: RuntimeWarning: divide by zero encountered in log
  return np.log(values[0])
[expG] rep 12/20 (20s)
C:\Users\ADMIN\AppData\Roaming\Python\Python314\site-packages\cvxpy\atoms\elementwise\log.py:50: RuntimeWarning: divide by zero encountered in log
  return np.log(values[0])
[expG] rep 13/20 (22s)
C:\Users\ADMIN\AppData\Roaming\Python\Python314\site-packages\cvxpy\atoms\elementwise\log.py:50: RuntimeWarning: divide by zero encountered in log
  return np.log(values[0])
[expG] rep 14/20 (24s)
C:\Users\ADMIN\AppData\Roaming\Python\Python314\site-packages\cvxpy\atoms\elementwise\log.py:50: RuntimeWarning: divide by zero encountered in log
  return np.log(values[0])
[expG] rep 15/20 (26s)
C:\Users\ADMIN\AppData\Roaming\Python\Python314\site-packages\cvxpy\atoms\elementwise\log.py:50: RuntimeWarning: divide by zero encountered in log
  return np.log(values[0])
[expG] rep 16/20 (27s)
C:\Users\ADMIN\AppData\Roaming\Python\Python314\site-packages\cvxpy\atoms\elementwise\log.py:50: RuntimeWarning: divide by zero encountered in log
  return np.log(values[0])
[expG] rep 17/20 (29s)
C:\Users\ADMIN\AppData\Roaming\Python\Python314\site-packages\cvxpy\atoms\elementwise\log.py:50: RuntimeWarning: divide by zero encountered in log
  return np.log(values[0])
[expG] rep 18/20 (31s)
C:\Users\ADMIN\AppData\Roaming\Python\Python314\site-packages\cvxpy\atoms\elementwise\log.py:50: RuntimeWarning: divide by zero encountered in log
  return np.log(values[0])
[expG] rep 19/20 (33s)
C:\Users\ADMIN\AppData\Roaming\Python\Python314\site-packages\cvxpy\atoms\elementwise\log.py:50: RuntimeWarning: divide by zero encountered in log
  return np.log(values[0])
[expG] rep 20/20 (35s)
# Exp-G v2: real-sample end-to-end RF study (reps=20)

- CNN (recording-level split): val_acc 0.8279, test_acc 0.8143
- abstract: acc 0.547+-0.007, macroAUC 0.798+-0.003, ece 0.063+-0.009, cwece 0.045+-0.005
- calib-hard: acc 0.578+-0.008, macroAUC 0.818+-0.002, ece 0.029+-0.005, cwece 0.031+-0.003
- calib-soft: acc 0.579+-0.007, macroAUC 0.819+-0.002, ece 0.030+-0.005, cwece 0.031+-0.003
- measured vs abstract dmacroAUC: +0.0202 (t p=8.7e-15)
- measured vs abstract dece: -0.0334 (t p=2.5e-08)
- virtual soft vs hard dmacroAUC: +0.0003 (t p=9.5e-02)
- virtual soft vs hard dece: +0.0001 (t p=9.3e-01)
[expG] ALL DONE in 35s
